{
  "version": "1.5.0",
  "plugins_used": [
    {
      "name": "ArtifactoryDetector"
    },
    {
      "name": "AWSKeyDetector"
    },
    {
      "name": "AzureStorageKeyDetector"
    },
    {
      "name": "Base64HighEntropyString",
      "limit": 4.5
    },
    {
      "name": "BasicAuthDetector"
    },
    {
      "name": "CloudantDetector"
    },
    {
      "name": "DiscordBotTokenDetector"
    },
    {
      "name": "GitHubTokenDetector"
    },
    {
      "name": "GitLabTokenDetector"
    },
    {
      "name": "HexHighEntropyString",
      "limit": 3.0
    },
    {
      "name": "IbmCloudIamDetector"
    },
    {
      "name": "IbmCosHmacDetector"
    },
    {
      "name": "IPPublicDetector"
    },
    {
      "name": "JwtTokenDetector"
    },
    {
      "name": "KeywordDetector",
      "keyword_exclude": ""
    },
    {
      "name": "MailchimpDetector"
    },
    {
      "name": "NpmDetector"
    },
    {
      "name": "OpenAIDetector"
    },
    {
      "name": "PrivateKeyDetector"
    },
    {
      "name": "PypiTokenDetector"
    },
    {
      "name": "SendGridDetector"
    },
    {
      "name": "SlackDetector"
    },
    {
      "name": "SoftlayerDetector"
    },
    {
      "name": "SquareOAuthDetector"
    },
    {
      "name": "StripeDetector"
    },
    {
      "name": "TelegramBotTokenDetector"
    },
    {
      "name": "TwilioKeyDetector"
    }
  ],
  "filters_used": [
    {
      "path": "detect_secrets.filters.allowlist.is_line_allowlisted"
    },
    {
      "path": "detect_secrets.filters.common.is_baseline_file",
      "filename": ".secrets.baseline"
    },
    {
      "path": "detect_secrets.filters.common.is_ignored_due_to_verification_policies",
      "min_level": 2
    },
    {
      "path": "detect_secrets.filters.heuristic.is_indirect_reference"
    },
    {
      "path": "detect_secrets.filters.heuristic.is_likely_id_string"
    },
    {
      "path": "detect_secrets.filters.heuristic.is_lock_file"
    },
    {
      "path": "detect_secrets.filters.heuristic.is_not_alphanumeric_string"
    },
    {
      "path": "detect_secrets.filters.heuristic.is_potential_uuid"
    },
    {
      "path": "detect_secrets.filters.heuristic.is_prefixed_with_dollar_sign"
    },
    {
      "path": "detect_secrets.filters.heuristic.is_sequential_string"
    },
    {
      "path": "detect_secrets.filters.heuristic.is_swagger_file"
    },
    {
      "path": "detect_secrets.filters.heuristic.is_templated_secret"
    }
  ],
  "results": {
    "src/api/hive_auth.py": [
      {
        "type": "Hex High Entropy String",
        "filename": "src/api/hive_auth.py",
        "hashed_secret": "3e619ee0820ecf213c2f38c634e416b53defe3b0",
        "is_verified": false,
        "line_number": 27
      },
      {
        "type": "Hex High Entropy String",
        "filename": "src/api/hive_auth.py",
        "hashed_secret": "b8e0d506d969f09a9af89ce89fd9759b72c63262",
        "is_verified": false,
        "line_number": 28
      },
      {
        "type": "Hex High Entropy String",
        "filename": "src/api/hive_auth.py",
        "hashed_secret": "e97a751edc71e9afbe0c0f63ec94873392833f9f",
        "is_verified": false,
        "line_number": 29
      },
      {
        "type": "Hex High Entropy String",
        "filename": "src/api/hive_auth.py",
        "hashed_secret": "92488c021dd524a2f4e116666b3645308fa0e35c",
        "is_verified": false,
        "line_number": 30
      },
      {
        "type": "Hex High Entropy String",
        "filename": "src/api/hive_auth.py",
        "hashed_secret": "d4571e2f026f458aecd2950b0eb6aec190276177",
        "is_verified": false,
        "line_number": 31
      },
      {
        "type": "Hex High Entropy String",
        "filename": "src/api/hive_auth.py",
        "hashed_secret": "8109d3c2f659f13cb61fc9e71eed574efe8c8fd8",
        "is_verified": false,
        "line_number": 32
      },
      {
        "type": "Hex High Entropy String",
        "filename": "src/api/hive_auth.py",
        "hashed_secret": "08cac7461d7b624b88c53ee47da09cbbb84ea290",
        "is_verified": false,
        "line_number": 33
      },
      {
        "type": "Hex High Entropy String",
        "filename": "src/api/hive_auth.py",
        "hashed_secret": "95523fea7e6136c6148299dcc3077debfa2976b3",
        "is_verified": false,
        "line_number": 34
      },
      {
        "type": "Hex High Entropy String",
        "filename": "src/api/hive_auth.py",
        "hashed_secret": "c978fb77621e86f5e9077653fe5345ac1616b466",
        "is_verified": false,
        "line_number": 35
      },
      {
        "type": "Hex High Entropy String",
        "filename": "src/api/hive_auth.py",
        "hashed_secret": "fc02990268ecf8a35a4912d60dab3754e5f43846",
        "is_verified": false,
        "line_number": 36
      },
      {
        "type": "Hex High Entropy String",
        "filename": "src/api/hive_auth.py",
        "hashed_secret": "2c2c0ca491a73e95c8965b6641731057b65f6462",
        "is_verified": false,
        "line_number": 37
      },
      {
        "type": "Hex High Entropy String",
        "filename": "src/api/hive_auth.py",
        "hashed_secret": "672b25c6be065170206f3fc6346ebb8e84cbb9d3",
        "is_verified": false,
        "line_number": 38
      },
      {
        "type": "Hex High Entropy String",
        "filename": "src/api/hive_auth.py",
        "hashed_secret": "99d02e268ea3ee849fb6e359c6c1b019e4d07efd",
        "is_verified": false,
        "line_number": 39
      },
      {
        "type": "Hex High Entropy String",
        "filename": "src/api/hive_auth.py",
        "hashed_secret": "e677fc4cb09d99e1e0d30af31f2e209e541e380e",
        "is_verified": false,
        "line_number": 40
      },
      {
        "type": "Hex High Entropy String",
        "filename": "src/api/hive_auth.py",
        "hashed_secret": "05b69b06f40cae0c910a15b1ac75b1f7a847eccb",
        "is_verified": false,
        "line_number": 41
      },
      {
        "type": "Hex High Entropy String",
        "filename": "src/api/hive_auth.py",
        "hashed_secret": "c7f914bac2d66eb3f8ae3888fa47bf1ada6caaf5",
        "is_verified": false,
        "line_number": 42
      },
      {
        "type": "Secret Keyword",
        "filename": "src/api/hive_auth.py",
        "hashed_secret": "5dc786e32e3a0a4611daaf397721c6ef64cd71b0",
        "is_verified": false,
        "line_number": 69
      },
      {
        "type": "Secret Keyword",
        "filename": "src/api/hive_auth.py",
        "hashed_secret": "ac9f290e69cee683ba3c63461f1f3fa02765032a",
        "is_verified": false,
        "line_number": 70
      },
      {
        "type": "Secret Keyword",
        "filename": "src/api/hive_auth.py",
        "hashed_secret": "576956b5291ac38d04ef5f82cc974286a857f0b2",
        "is_verified": false,
        "line_number": 125
      }
    ],
    "src/api/hive_auth_async.py": [
      {
        "type": "Secret Keyword",
        "filename": "src/api/hive_auth_async.py",
        "hashed_secret": "5dc786e32e3a0a4611daaf397721c6ef64cd71b0",
        "is_verified": false,
        "line_number": 49
      },
      {
        "type": "Secret Keyword",
        "filename": "src/api/hive_auth_async.py",
        "hashed_secret": "ac9f290e69cee683ba3c63461f1f3fa02765032a",
        "is_verified": false,
        "line_number": 50
      },
      {
        "type": "Secret Keyword",
        "filename": "src/api/hive_auth_async.py",
        "hashed_secret": "351b174ccf89601f6f4bd3f3970a4aba7d17c98e",
        "is_verified": false,
        "line_number": 53
      },
      {
        "type": "Secret Keyword",
        "filename": "src/api/hive_auth_async.py",
        "hashed_secret": "576956b5291ac38d04ef5f82cc974286a857f0b2",
        "is_verified": false,
        "line_number": 110
      }
    ],
    "src/api/srp_crypto.py": [
      {
        "type": "Hex High Entropy String",
        "filename": "src/api/srp_crypto.py",
        "hashed_secret": "3e619ee0820ecf213c2f38c634e416b53defe3b0",
        "is_verified": false,
        "line_number": 10
      },
      {
        "type": "Hex High Entropy String",
        "filename": "src/api/srp_crypto.py",
        "hashed_secret": "b8e0d506d969f09a9af89ce89fd9759b72c63262",
        "is_verified": false,
        "line_number": 11
      },
      {
        "type": "Hex High Entropy String",
        "filename": "src/api/srp_crypto.py",
        "hashed_secret": "e97a751edc71e9afbe0c0f63ec94873392833f9f",
        "is_verified": false,
        "line_number": 12
      },
      {
        "type": "Hex High Entropy String",
        "filename": "src/api/srp_crypto.py",
        "hashed_secret": "92488c021dd524a2f4e116666b3645308fa0e35c",
        "is_verified": false,
        "line_number": 13
      },
      {
        "type": "Hex High Entropy String",
        "filename": "src/api/srp_crypto.py",
        "hashed_secret": "d4571e2f026f458aecd2950b0eb6aec190276177",
        "is_verified": false,
        "line_number": 14
      },
      {
        "type": "Hex High Entropy String",
        "filename": "src/api/srp_crypto.py",
        "hashed_secret": "8109d3c2f659f13cb61fc9e71eed574efe8c8fd8",
        "is_verified": false,
        "line_number": 15
      },
      {
        "type": "Hex High Entropy String",
        "filename": "src/api/srp_crypto.py",
        "hashed_secret": "08cac7461d7b624b88c53ee47da09cbbb84ea290",
        "is_verified": false,
        "line_number": 16
      },
      {
        "type": "Hex High Entropy String",
        "filename": "src/api/srp_crypto.py",
        "hashed_secret": "95523fea7e6136c6148299dcc3077debfa2976b3",
        "is_verified": false,
        "line_number": 17
      },
      {
        "type": "Hex High Entropy String",
        "filename": "src/api/srp_crypto.py",
        "hashed_secret": "c978fb77621e86f5e9077653fe5345ac1616b466",
        "is_verified": false,
        "line_number": 18
      },
      {
        "type": "Hex High Entropy String",
        "filename": "src/api/srp_crypto.py",
        "hashed_secret": "fc02990268ecf8a35a4912d60dab3754e5f43846",
        "is_verified": false,
        "line_number": 19
      },
      {
        "type": "Hex High Entropy String",
        "filename": "src/api/srp_crypto.py",
        "hashed_secret": "2c2c0ca491a73e95c8965b6641731057b65f6462",
        "is_verified": false,
        "line_number": 20
      },
      {
        "type": "Hex High Entropy String",
        "filename": "src/api/srp_crypto.py",
        "hashed_secret": "672b25c6be065170206f3fc6346ebb8e84cbb9d3",
        "is_verified": false,
        "line_number": 21
      },
      {
        "type": "Hex High Entropy String",
        "filename": "src/api/srp_crypto.py",
        "hashed_secret": "99d02e268ea3ee849fb6e359c6c1b019e4d07efd",
        "is_verified": false,
        "line_number": 22
      },
      {
        "type": "Hex High Entropy String",
        "filename": "src/api/srp_crypto.py",
        "hashed_secret": "e677fc4cb09d99e1e0d30af31f2e209e541e380e",
        "is_verified": false,
        "line_number": 23
      },
      {
        "type": "Hex High Entropy String",
        "filename": "src/api/srp_crypto.py",
        "hashed_secret": "05b69b06f40cae0c910a15b1ac75b1f7a847eccb",
        "is_verified": false,
        "line_number": 24
      },
      {
        "type": "Hex High Entropy String",
        "filename": "src/api/srp_crypto.py",
        "hashed_secret": "c7f914bac2d66eb3f8ae3888fa47bf1ada6caaf5",
        "is_verified": false,
        "line_number": 25
      }
    ],
    "tests/unit/test_device_registration.py": [
      {
        "type": "Secret Keyword",
        "filename": "tests/unit/test_device_registration.py",
        "hashed_secret": "9b879864942a33d1bccda3c057d3629e5092b9ba",
        "is_verified": false,
        "line_number": 177
      },
      {
        "type": "Secret Keyword",
        "filename": "tests/unit/test_device_registration.py",
        "hashed_secret": "d8bce9746547bb7743e5933fbf0fc4f2d2cbcad3",
        "is_verified": false,
        "line_number": 660
      },
      {
        "type": "Secret Keyword",
        "filename": "tests/unit/test_device_registration.py",
        "hashed_secret": "e4f50034475acff058e17b35679f8ef1e54f86c5",
        "is_verified": false,
        "line_number": 733
      },
      {
        "type": "Secret Keyword",
        "filename": "tests/unit/test_device_registration.py",
        "hashed_secret": "6ab013c213c685b1f1b1a452796bf22afbd44699",
        "is_verified": false,
        "line_number": 744
      }
    ],
    "tests/unit/test_hive_auth.py": [
      {
        "type": "Secret Keyword",
        "filename": "tests/unit/test_hive_auth.py",
        "hashed_secret": "a91262282f71bb8488398dcc9202f777d0206664",
        "is_verified": false,
        "line_number": 95
      },
      {
        "type": "Secret Keyword",
        "filename": "tests/unit/test_hive_auth.py",
        "hashed_secret": "e5e9fa1ba31ecd1ae84f75caaa474f3a663f05f4",
        "is_verified": false,
        "line_number": 103
      },
      {
        "type": "Secret Keyword",
        "filename": "tests/unit/test_hive_auth.py",
        "hashed_secret": "d8bce9746547bb7743e5933fbf0fc4f2d2cbcad3",
        "is_verified": false,
        "line_number": 271
      },
      {
        "type": "Secret Keyword",
        "filename": "tests/unit/test_hive_auth.py",
        "hashed_secret": "f02924ae089d91000728465e8e2e962a0bc457f1",
        "is_verified": false,
        "line_number": 498
      },
      {
        "type": "Secret Keyword",
        "filename": "tests/unit/test_hive_auth.py",
        "hashed_secret": "60aa9027d6d4bdc5ce40cbb1a49dfa45f1744cb6",
        "is_verified": false,
        "line_number": 746
      },
      {
        "type": "Secret Keyword",
        "filename": "tests/unit/test_hive_auth.py",
        "hashed_secret": "5c5a15a8b0b3e154d77746945e563ba40100681b",
        "is_verified": false,
        "line_number": 1255
      }
    ],
    "tests/unit/test_hive_auth_async.py": [
      {
        "type": "Secret Keyword",
        "filename": "tests/unit/test_hive_auth_async.py",
        "hashed_secret": "5c5a15a8b0b3e154d77746945e563ba40100681b",
        "is_verified": false,
        "line_number": 165
      },
      {
        "type": "Secret Keyword",
        "filename": "tests/unit/test_hive_auth_async.py",
        "hashed_secret": "d8bce9746547bb7743e5933fbf0fc4f2d2cbcad3",
        "is_verified": false,
        "line_number": 221
      }
    ],
    "tests/unit/test_hive_auth_async_extended.py": [
      {
        "type": "Secret Keyword",
        "filename": "tests/unit/test_hive_auth_async_extended.py",
        "hashed_secret": "5c5a15a8b0b3e154d77746945e563ba40100681b",
        "is_verified": false,
        "line_number": 260
      },
      {
        "type": "Secret Keyword",
        "filename": "tests/unit/test_hive_auth_async_extended.py",
        "hashed_secret": "d8bce9746547bb7743e5933fbf0fc4f2d2cbcad3",
        "is_verified": false,
        "line_number": 341
      },
      {
        "type": "Secret Keyword",
        "filename": "tests/unit/test_hive_auth_async_extended.py",
        "hashed_secret": "76f6b6f16cb41692b330fc806029e8a31e20b69b",
        "is_verified": false,
        "line_number": 816
      },
      {
        "type": "Secret Keyword",
        "filename": "tests/unit/test_hive_auth_async_extended.py",
        "hashed_secret": "b3ed2cf313e7546085c3c50622143ff31e467d23",
        "is_verified": false,
        "line_number": 835
      },
      {
        "type": "Secret Keyword",
        "filename": "tests/unit/test_hive_auth_async_extended.py",
        "hashed_secret": "7476b69b5005e05d536361f960a9d18b736dfbfc",
        "is_verified": false,
        "line_number": 849
      },
      {
        "type": "Secret Keyword",
        "filename": "tests/unit/test_hive_auth_async_extended.py",
        "hashed_secret": "ff9f30d9ba5a4ec386edddeacc27f74ef412085e",
        "is_verified": false,
        "line_number": 856
      },
      {
        "type": "Secret Keyword",
        "filename": "tests/unit/test_hive_auth_async_extended.py",
        "hashed_secret": "a8ad0732120b9dfed5b99fd6a2aca4fc8ba48d80",
        "is_verified": false,
        "line_number": 893
      }
    ],
    "tests/unit/test_hive_helper_extended.py": [
      {
        "type": "Secret Keyword",
        "filename": "tests/unit/test_hive_helper_extended.py",
        "hashed_secret": "701b389b848a2b1cfab867093101d8d5ac56addd",
        "is_verified": false,
        "line_number": 102
      },
      {
        "type": "Secret Keyword",
        "filename": "tests/unit/test_hive_helper_extended.py",
        "hashed_secret": "18960546905b75c869e7de63961dc185f9a0a7c9",
        "is_verified": false,
        "line_number": 109
      },
      {
        "type": "Secret Keyword",
        "filename": "tests/unit/test_hive_helper_extended.py",
        "hashed_secret": "fbf52ca8a72d8ecd77235d3b3e5d014e19ffbff2",
        "is_verified": false,
        "line_number": 111
      }
    ],
    "tests/unit/test_session_discovery_extended.py": [
      {
        "type": "Secret Keyword",
        "filename": "tests/unit/test_session_discovery_extended.py",
        "hashed_secret": "76f6b6f16cb41692b330fc806029e8a31e20b69b",
        "is_verified": false,
        "line_number": 143
      }
    ]
  },
  "generated_at": "2026-05-24T17:39:03Z"
}
